ST_FLASH_BOOT)
configsip: 0, SPIWP:0xee
clk_drv:0x00,q_drv:0x00,d_drv:0x00,cs0_drv:0x00,hd_drv:0x00,wp_drv:0x00
mode:DIO, clock div:2
load:0x3fff0030,len:6276
load:0x40078000,len:15748
load:0x40080400,len:4
ho 8 ï¿½ets Jul 29 2019 12:21:46

rst:0x1 (POWERON_RESET),boot:0x17 (SPI_FAST_FLASH_BOOT)
configsip: 0, SPIWP:0xee
clk_drv:0x00,q_drv:0x00,d_drv:0x00,cs0_drv:0x00,hd_drv:0x00,wp_drv:0x00
mode:DIO, clock div:2
load:0x3fff0030,len:6276
load:0x40078000,len:15748
load:0x40080400,len:4
ho 8 tail 4 room 4
load:0x40080404,len:3860
entry 0x4008063c
[0;32mI (31) boot: ESP-IDF v5.4.1-dirty 2nd stage bootloader[0m
[0;32mI (31) boot: compile time Jul 25 2025 15:57:15[0m
[0;32mI (31) boot: Multicore bootloader[0m
[0;32mI (33) boot: chip revision: v3.1[0m
[0;32mI (36) boot.esp32: SPI Speed      : 40MHz[0m
[0;32mI (40) boot.esp32: SPI Mode       : DIO[0m
[0;32mI (43) boot.esp32: SPI Flash Size : 2MB[0m
[0;32mI (47) boot: Enabling RNG early entropy source...[0m
[0;32mI (51) boot: Partition Table:[0m
[0;32mI (54) boot: ## Label            Usage          Type ST Offset   Length[0m
[0;32mI (60) boot:  0 nvs              WiFi data        01 02 00009000 00006000[0m
[0;32mI (67) boot:  1 phy_init         RF data          01 01 0000f000 00001000[0m
[0;32mI (73) boot:  2 factory          factory app      00 00 00010000 00100000[0m
[0;32mI (80) boot: End of partition table[0m
[0;32mI (83) esp_image: segment 0: paddr=00010020 vaddr=3f400020 size=1bd38h (113976) map[0m
[0;32mI (129) esp_image: segment 1: paddr=0002bd60 vaddr=3ff80000 size=0001ch (    28) load[0m
[0;32mI (130) esp_image: segment 2: paddr=0002bd84 vaddr=3ffb0000 size=03f00h ( 16128) load[0m
[0;32mI (139) esp_image: segment 3: paddr=0002fc8c vaddr=40080000 size=0038ch (   908) load[0m
[0;32mI (141) esp_image: segment 4: paddr=00030020 vaddr=400d0020 size=8cab4h (576180) map[0m
[0;32mI (345) esp_image: segment 5: paddr=000bcadc vaddr=4008038c size=1758ch ( 95628) load[0m
[0;32mI (394) boot: Loaded app from partition at offset 0x10000[0m
[0;32mI (394) boot: Disabling RNG early entropy source...[0m
[0;32mI (404) cpu_start: Multicore app[0m
[0;32mI (413) cpu_start: Pro cpu start user code[0m
[0;32mI (413) cpu_start: cpu freq: 160000000 Hz[0m
[0;32mI (413) app_init: Application information:[0m
[0;32mI (413) app_init: Project name:     HTTP-ledcontrol[0m
[0;32mI (418) app_init: App version:      1[0m
[0;32mI (421) app_init: Compile time:     Jul 25 2025 15:57:03[0m
[0;32mI (426) app_init: ELF file SHA256:  7cb9635cd...[0m
[0;32mI (430) app_init: ESP-IDF:          v5.4.1-dirty[0m
[0;32mI (435) efuse_init: Min chip rev:     v0.0[0m
[0;32mI (438) efuse_init: Max chip rev:     v3.99 [0m
[0;32mI (442) efuse_init: Chip rev:         v3.1[0m
[0;32mI (447) heap_init: Initializing. RAM available for dynamic allocation:[0m
[0;32mI (453) heap_init: At 3FFAE6E0 len 00001920 (6 KiB): DRAM[0m
[0;32mI (458) heap_init: At 3FFB81B0 len 00027E50 (159 KiB): DRAM[0m
[0;32mI (463) heap_init: At 3FFE0440 len 00003AE0 (14 KiB): D/IRAM[0m
[0;32mI (468) heap_init: At 3FFE4350 len 0001BCB0 (111 KiB): D/IRAM[0m
[0;32mI (474) heap_init: At 40097918 len 000086E8 (33 KiB): IRAM[0m
[0;32mI (481) spi_flash: detected chip: generic[0m
[0;32mI (483) spi_flash: flash io: dio[0m
[0;33mW (486) spi_flash: Detected size(4096k) larger than the size in the binary image header(2048k). Using the size in the binary image header.[0m
[0;32mI (499) main_task: Started on CPU0[0m
[0;32mI (509) main_task: Calling app_main()[0m
[0;32mI (529) gpio: GPIO[2]| InputEn: 0| OutputEn: 0| OpenDrain: 0| Pullup: 1| Pulldown: 0| Intr:0 [0m
[0;32mI (529) DHT_SENSOR: DHT Sensor Task Started[0m
[0;32mI (549) DHT_SENSOR: Humidity: 65.0%, Temp: 29.0C[0m
[0;32mI (569) wifi:wifi driver task: 3ffc0bc8, prio:23, stack:6656, core=0[0m
[0;32mI (579) wifi:wifi firmware version: 79fa3f41ba[0m
[0;32mI (579) wifi:wifi certification version: v7.0[0m
[0;32mI (579) wifi:config NVS flash: enabled[0m
[0;32mI (579) wifi:config nano formatting: disabled[0m
[0;32mI (589) wifi:Init data frame dynamic rx buffer num: 32[0m
[0;32mI (589) wifi:Init static rx mgmt buffer num: 5[0m
[0;32mI (589) wifi:Init management short buffer num: 32[0m
[0;32mI (599) wifi:Init dynamic tx buffer num: 32[0m
[0;32mI (599) wifi:Init static rx buffer size: 1600[0m
[0;32mI (609) wifi:Init static rx buffer num: 10[0m
[0;32mI (609) wifi:Init dynamic rx buffer num: 32[0m
[0;32mI (619) wifi_init: rx ba win: 6[0m
[0;32mI (619) wifi_init: accept mbox: 6[0m
[0;32mI (619) wifi_init: tcpip mbox: 32[0m
[0;32mI (619) wifi_init: udp mbox: 6[0m
[0;32mI (629) wifi_init: tcp mbox: 6[0m
[0;32mI (629) wifi_init: tcp tx win: 5760[0m
[0;32mI (629) wifi_init: tcp rx win: 5760[0m
[0;32mI (639) wifi_init: tcp mss: 1440[0m
[0;32mI (639) wifi_init: WiFi IRAM OP enabled[0m
[0;32mI (639) wifi_init: WiFi RX IRAM OP enabled[0m
[0;33mW (649) wifi:Password length matches WPA2 standards, authmode threshold changes from OPEN to WPA2[0m
[0;32mI (659) phy_init: phy_version 4860,6b7a6e5,Feb  6 2025,14:47:07[0m
[0;32mI (739) phy_init: Saving new calibration data due to checksum failure or outdated calibration data, mode(0)[0m
[0;32mI (819) wifi:mode : sta (20:43:a8:e5:4d:4c)[0m
[0;32mI (819) wifi:enable tsf[0m
[0;32mI (819) WIFI_MANAGER: WiFi connecting to Tro 1...[0m
[0;32mI (829) WEB_SERVER: Web server started[0m
[0;32mI (829) main_task: Returned from app_main()[0m
[0;32mI (839) wifi:new:<8,0>, old:<1,0>, ap:<255,255>, sta:<8,0>, prof:1, snd_ch_cfg:0x0[0m
[0;32mI (839) wifi:state: init -> auth (0xb0)[0m
[0;32mI (849) wifi:state: auth -> assoc (0x0)[0m
[0;32mI (909) wifi:state: assoc -> run (0x10)[0m
[0;32mI (1019) wifi:connected with Tro 1, aid = 2, channel 8, BW20, bssid = 4c:12:e8:40:45:30[0m
[0;32mI (1019) wifi:security: WPA2-PSK, phy: bgn, rssi: -51[0m
[0;32mI (1019) wifi:pm start, type: 1[0m

[0;32mI (1029) wifi:dp: 1, bi: 102400, li: 3, scale listen interval from 307200 us to 307200 us[0m
[0;32mI (1069) wifi:AP's beacon interval = 102400 us, DTIM period = 1[0m
[0;32mI (2229) esp_netif_handlers: sta ip: 192.168.1.13, mask: 255.255.255.0, gw: 192.168.1.1[0m
[0;32mI (5579) DHT_SENSOR: Humidity: 66.0%, Temp: 29.0C[0m
[0;32mI (10599) DHT_SENSOR: Humidity: 66.0%, Temp: 29.0C[0m
[0;32mI (15619) DHT_SENSOR: Humidity: 66.0%, Temp: 29.0C[0m
[0;32mI (17869) wifi:<ba-add>idx:0 (ifx:0, 4c:12:e8:40:45:30), tid:0, ssn:4, winSize:64[0m
[0;33mW (18379) httpd_uri: httpd_uri: URI '/favicon.ico' not found[0m
[0;33mW (18379) httpd_txrx: httpd_resp_send_err: 404 Not Found - Nothing matches the given URI[0m
[0;32mI (20639) DHT_SENSOR: Humidity: 66.0%, Temp: 29.0C[0m
[0;32mI (21039) WEB_SERVER: LED turned ON[0m
[0;32mI (21959) WEB_SERVER: LED turned ON[0m
[0;32mI (22379) WEB_SERVER: LED turned OFF[0m
[0;32mI (23199) WEB_SERVER: LED turned ON[0m
[0;32mI (24329) WEB_SERVER: LED turned OFF[0m
[0;32mI (25659) DHT_SENSOR: Humidity: 66.0%, Temp: 29.0C[0m
[0;32mI (30679) DHT_SENSOR: Humidity: 65.0%, Temp: 29.0C[0m
[0;32mI (35699) DHT_SENSOR: Humidity: 66.0%, Temp: 29.0C[0m
[0;32mI (40719) DHT_SENSOR: Humidity: 66.0%, Temp: 29.0C[0m
[0;32mI (45739) DHT_SENSOR: Humidity: 66.0%, Temp: 29.0C[0m
[0;32mI (50759) DHT_SENSOR: Humidity: 66.0%, Temp: 29.0C[0m
[0;32mI (51349) WEB_SERVER: LED turned ON[0m
[0;32mI (51969) WEB_SERVER: LED turned OFF[0m
[0;32mI (52689) WEB_SERVER: LED turned ON[0m
[0;32mI (53299) WEB_SERVER: LED turned OFF[0m
[0;32mI (55779) DHT_SENSOR: Humidity: 66.0%, Temp: 29.0C[0m
[0;32mI (60799) DHT_SENSOR: Humidity: 66.0%, Temp: 29.0C[0m
