46

rst:0x1 (POWERON_RESET),boot:0x17 (SPI_FAST_FLASH_BOOT)
configsip: 0, SPIWP:0xee
clk_drv:0x00,q_drv:0x00,d_drv:0x00,cs0_drv:0x00,hd_drv:0x00,wp_drv:0x00
mode:DIO, clock div:2
load:0x3fff0030,len:627ï¿½ets Jul 29 2019 12:21:46

rst:0x1 (POWERON_RESET),boot:0x17 (SPI_FAST_FLASH_BOOT)
configsip: 0, SPIWP:0xee
clk_drv:0x00,q_drv:0x00,d_drv:0x00,cs0_drv:0x00,hd_drv:0x00,wp_drv:0x00
mode:DIO, clock div:2
load:0x3fff0030,len:6276
load:0x40078000,len:15748
load:0x40080400,len:4
ho 8 tail 4 room 4
load:0x40080404,len:3860
entry 0x4008063c
[0;32mI (31) boot: ESP-IDF v5.4.1-dirty 2nd stage bootloader[0m
[0;32mI (31) boot: compile time Jul 27 2025 01:15:04[0m
[0;32mI (31) boot: Multicore bootloader[0m
[0;32mI (33) boot: chip revision: v3.1[0m
[0;32mI (36) boot.esp32: SPI Speed      : 40MHz[0m
[0;32mI (40) boot.esp32: SPI Mode       : DIO[0m
[0;32mI (43) boot.esp32: SPI Flash Size : 4MB[0m
[0;32mI (47) boot: Enabling RNG early entropy source...[0m
[0;32mI (51) boot: Partition Table:[0m
[0;32mI (54) boot: ## Label            Usage          Type ST Offset   Length[0m
[0;32mI (60) boot:  0 nvs              WiFi data        01 02 00009000 00006000[0m
[0;32mI (67) boot:  1 phy_init         RF data          01 01 0000f000 00001000[0m
[0;32mI (73) boot:  2 factory          factory app      00 00 00010000 00100000[0m
[0;32mI (80) boot: End of partition table[0m
[0;32mI (83) esp_image: segment 0: paddr=00010020 vaddr=3f400020 size=1bf08h (114440) map[0m
[0;32mI (130) esp_image: segment 1: paddr=0002bf30 vaddr=3ff80000 size=0001ch (    28) load[0m
[0;32mI (130) esp_image: segment 2: paddr=0002bf54 vaddr=3ffb0000 size=03f00h ( 16128) load[0m
[0;32mI (139) esp_image: segment 3: paddr=0002fe5c vaddr=40080000 size=001bch (   444) load[0m
[0;32mI (141) esp_image: segment 4: paddr=00030020 vaddr=400d0020 size=8cdech (577004) map[0m
[0;32mI (346) esp_image: segment 5: paddr=000bce14 vaddr=400801bc size=1775ch ( 96092) load[0m
[0;32mI (394) boot: Loaded app from partition at offset 0x10000[0m
[0;32mI (394) boot: Disabling RNG early entropy source...[0m
[0;32mI (405) cpu_start: Multicore app[0m
[0;32mI (413) cpu_start: Pro cpu start user code[0m
[0;32mI (413) cpu_start: cpu freq: 160000000 Hz[0m
[0;32mI (414) app_init: Application information:[0m
[0;32mI (414) app_init: Project name:     HTTP-ledcontrol[0m
[0;32mI (418) app_init: App version:      1[0m
[0;32mI (422) app_init: Compile time:     Jul 27 2025 01:14:47[0m
[0;32mI (427) app_init: ELF file SHA256:  041cc53b5...[0m
[0;32mI (431) app_init: ESP-IDF:          v5.4.1-dirty[0m
[0;32mI (435) efuse_init: Min chip rev:     v0.0[0m
[0;32mI (439) efuse_init: Max chip rev:     v3.99 [0m
[0;32mI (443) efuse_init: Chip rev:         v3.1[0m
[0;32mI (447) heap_init: Initializing. RAM available for dynamic allocation:[0m
[0;32mI (453) heap_init: At 3FFAE6E0 len 00001920 (6 KiB): DRAM[0m
[0;32mI (458) heap_init: At 3FFB81B8 len 00027E48 (159 KiB): DRAM[0m
[0;32mI (464) heap_init: At 3FFE0440 len 00003AE0 (14 KiB): D/IRAM[0m
[0;32mI (469) heap_init: At 3FFE4350 len 0001BCB0 (111 KiB): D/IRAM[0m
[0;32mI (474) heap_init: At 40097918 len 000086E8 (33 KiB): IRAM[0m
[0;32mI (481) spi_flash: detected chip: generic[0m
[0;32mI (483) spi_flash: flash io: dio[0m
[0;32mI (488) main_task: Started on CPU0[0m
[0;32mI (498) main_task: Calling app_main()[0m
[0;32mI (518) gpio: GPIO[2]| InputEn: 0| OutputEn: 0| OpenDrain: 0| Pullup: 1| Pulldown: 0| Intr:0 [0m
[0;32mI (518) DHT_SENSOR: DHT Sensor Task Started[0m
[0;32mI (538) DHT_SENSOR: Humidity: 44.0%, Temp: 27.0C[0m
[0;32mI (548) gpio: GPIO[19]| InputEn: 0| OutputEn: 0| OpenDrain: 0| Pullup: 1| Pulldown: 0| Intr:0 [0m
[0;32mI (548) HCSR04_WRAPPER: HC-SR04 sensor initialized successfully.[0m
[0;32mI (548) APP_LOGIC: Application Logic Task Started[0m
[0;32mI (558) APP_LOGIC: Person detected! Count: 1[0m
[0;32mI (568) wifi:wifi driver task: 3ffc1430, prio:23, stack:6656, core=0[0m
[0;32mI (578) wifi:wifi firmware version: 79fa3f41ba[0m
[0;32mI (578) wifi:wifi certification version: v7.0[0m
[0;32mI (578) wifi:config NVS flash: enabled[0m
[0;32mI (578) wifi:config nano formatting: disabled[0m
[0;32mI (588) wifi:Init data frame dynamic rx buffer num: 32[0m
[0;32mI (588) wifi:Init static rx mgmt buffer num: 5[0m
[0;32mI (598) wifi:Init management short buffer num: 32[0m
[0;32mI (598) wifi:Init dynamic tx buffer num: 32[0m
[0;32mI (598) wifi:Init static rx buffer size: 1600[0m
[0;32mI (608) wifi:Init static rx buffer num: 10[0m
[0;32mI (608) wifi:Init dynamic rx buffer num: 32[0m
[0;32mI (618) wifi_init: rx ba win: 6[0m
[0;32mI (618) wifi_init: accept mbox: 6[0m
[0;32mI (618) wifi_init: tcpip mbox: 32[0m
[0;32mI (618) wifi_init: udp mbox: 6[0m
[0;32mI (628) wifi_init: tcp mbox: 6[0m
[0;32mI (628) wifi_init: tcp tx win: 5760[0m
[0;32mI (628) wifi_init: tcp rx win: 5760[0m
[0;32mI (638) wifi_init: tcp mss: 1440[0m
[0;32mI (638) wifi_init: WiFi IRAM OP enabled[0m
[0;32mI (638) wifi_init: WiFi RX IRAM OP enabled[0m
[0;33mW (648) wifi:Password length matches WPA2 standards, authmode threshold changes from OPEN to WPA2[0m
[0;32mI (658) phy_init: phy_version 4860,6b7a6e5,Feb  6 2025,14:47:07[0m
[0;32mI (738) wifi:mode : sta (20:43:a8:e5:4d:4c)[0m
[0;32mI (748) wifi:enable tsf[0m
[0;32mI (748) WIFI_MANAGER: WiFi connecting to Haayf...[0m
[0;32mI (758) WEB_SERVER: Web server started[0m
[0;32mI (758) main_task: Returned from app_main()[0m
[0;32mI (758) wifi:new:<6,0>, old:<1,0>, ap:<255,255>, sta:<6,0>, prof:1, snd_ch_cfg:0x0[0m
[0;32mI (768) wifi:state: init -> auth (0xb0)[0m
[0;32mI (768) wifi:state: auth -> assoc (0x0)[0m
[0;32mI (788) wifi:state: assoc -> run (0x10)[0m
[0;32mI (888) wifi:connected with Haayf, aid = 2, channel 6, BW20, bssid = da:f2:29:af:29:bf[0m
[0;32mI (888) wifi:security: WPA2-PSK, phy: bgn, rssi: -53[0m
[0;32mI (888) wifi:pm start, type: 1[0m

[0;32mI (888) wifi:dp: 1, bi: 102400, li: 3, scale listen interval from 307200 us to 307200 us[0m
[0;32mI (898) wifi:<ba-add>idx:0 (ifx:0, da:f2:29:af:29:bf), tid:0, ssn:0, winSize:64[0m
[0;32mI (918) wifi:dp: 2, bi: 102400, li: 4, scale listen interval from 307200 us to 409600 us[0m
[0;32mI (918) wifi:AP's beacon interval = 102400 us, DTIM period = 2[0m
[0;32mI (1928) esp_netif_handlers: sta ip: 192.168.83.137, mask: 255.255.255.0, gw: 192.168.83.184[0m
[0;32mI (5568) DHT_SENSOR: Humidity: 44.0%, Temp: 27.0C[0m
[0;32mI (10588) DHT_SENSOR: Humidity: 45.0%, Temp: 27.0C[0m
[0;32mI (15608) DHT_SENSOR: Humidity: 44.0%, Temp: 27.0C[0m
[0;32mI (20628) DHT_SENSOR: Humidity: 45.0%, Temp: 27.0C[0m
[0;32mI (22518) APP_LOGIC: Person left.[0m
[0;32mI (22768) APP_LOGIC: Person detected! Count: 2[0m
[0;32mI (23468) APP_LOGIC: Person left.[0m
[0;32mI (23718) APP_LOGIC: Person detected! Count: 3[0m
[0;32mI (25648) DHT_SENSOR: Humidity: 44.0%, Temp: 27.0C[0m
[0;32mI (26688) HCRS04 tag: Measurement error: 202[0m

[0;32mI (26958) HCRS04 tag: Measurement error: 202[0m

[0;32mI (27218) APP_LOGIC: Person left.[0m
[0;32mI (28508) APP_LOGIC: Person detected! Count: 4[0m
[0;32mI (28978) HCRS04 tag: Measurement error: 202[0m

[0;32mI (29228) APP_LOGIC: Person left.[0m
[0;32mI (29498) HCRS04 tag: Measurement error: 202[0m

[0;32mI (29748) APP_LOGIC: Person detected! Count: 5[0m
[0;32mI (30668) DHT_SENSOR: Humidity: 44.0%, Temp: 27.0C[0m
[0;32mI (30958) APP_LOGIC: Person left.[0m
[0;32mI (31748) HCRS04 tag: Measurement error: 202[0m

[0;32mI (31998) APP_LOGIC: Person detected! Count: 6[0m
[0;32mI (32708) APP_LOGIC: Person left.[0m
[0;32mI (33218) APP_LOGIC: Person detected! Count: 7[0m
[0;32mI (34168) APP_LOGIC: Person left.[0m
[0;32mI (34438) HCRS04 tag: Measurement error: 202[0m

[0;32mI (34938) APP_LOGIC: Person detected! Count: 8[0m
[0;32mI (35408) HCRS04 tag: Measurement error: 202[0m

[0;32mI (35688) DHT_SENSOR: Humidity: 44.0%, Temp: 27.0C[0m
[0;32mI (36178) HCRS04 tag: Measurement error: 202[0m

[0;32mI (40708) DHT_SENSOR: Humidity: 44.0%, Temp: 27.0C[0m
[0;32mI (45728) DHT_SENSOR: Humidity: 45.0%, Temp: 27.0C[0m
[0;32mI (50748) DHT_SENSOR: Humidity: 44.0%, Temp: 27.0C[0m
[0;32mI (55768) DHT_SENSOR: Humidity: 44.0%, Temp: 27.0C[0m
