0x1 (POWERON_RESET),boot:0x17 (SPI_FAST_FLASH_BOOT)
configsip: 0, SPIWP:0xee
clk_drv:0x00,q_drv:0x00,d_drv:0x00,cs0_drv:0x00,hd_drv:0x00,wp_drv:0x00
mode:DIO, clock div:2
load:0x3fff0030,len:627ï¿½ets Jul 29 2019 12:21:46

rst:0x1 (POWERON_RESET),boot:0x17 (SPI_FAST_FLASH_BOOT)
configsip: 0, SPIWP:0xee
clk_drv:0x00,q_drv:0x00,d_drv:0x00,cs0_drv:0x00,hd_drv:0x00,wp_drv:0x00
mode:DIO, clock div:2
load:0x3fff0030,len:6276
load:0x40078000,len:15748
load:0x40080400,len:4
ho 8 tail 4 room 4
load:0x40080404,len:3860
entry 0x4008063c
[0;32mI (31) boot: ESP-IDF v5.4.1-dirty 2nd stage bootloader[0m
[0;32mI (31) boot: compile time Jul 25 2025 15:57:15[0m
[0;32mI (31) boot: Multicore bootloader[0m
[0;32mI (33) boot: chip revision: v3.1[0m
[0;32mI (36) boot.esp32: SPI Speed      : 40MHz[0m
[0;32mI (40) boot.esp32: SPI Mode       : DIO[0m
[0;32mI (43) boot.esp32: SPI Flash Size : 2MB[0m
[0;32mI (47) boot: Enabling RNG early entropy source...[0m
[0;32mI (51) boot: Partition Table:[0m
[0;32mI (54) boot: ## Label            Usage          Type ST Offset   Length[0m
[0;32mI (60) boot:  0 nvs              WiFi data        01 02 00009000 00006000[0m
[0;32mI (67) boot:  1 phy_init         RF data          01 01 0000f000 00001000[0m
[0;32mI (73) boot:  2 factory          factory app      00 00 00010000 00100000[0m
[0;32mI (80) boot: End of partition table[0m
[0;32mI (83) esp_image: segment 0: paddr=00010020 vaddr=3f400020 size=1bad8h (113368) map[0m
[0;32mI (129) esp_image: segment 1: paddr=0002bb00 vaddr=3ff80000 size=0001ch (    28) load[0m
[0;32mI (129) esp_image: segment 2: paddr=0002bb24 vaddr=3ffb0000 size=03f00h ( 16128) load[0m
[0;32mI (139) esp_image: segment 3: paddr=0002fa2c vaddr=40080000 size=005ech (  1516) load[0m
[0;32mI (141) esp_image: segment 4: paddr=00030020 vaddr=400d0020 size=8cab4h (576180) map[0m
[0;32mI (345) esp_image: segment 5: paddr=000bcadc vaddr=400805ec size=1732ch ( 95020) load[0m
[0;32mI (393) boot: Loaded app from partition at offset 0x10000[0m
[0;32mI (393) boot: Disabling RNG early entropy source...[0m
[0;32mI (404) cpu_start: Multicore app[0m
[0;32mI (412) cpu_start: Pro cpu start user code[0m
[0;32mI (412) cpu_start: cpu freq: 160000000 Hz[0m
[0;32mI (412) app_init: Application information:[0m
[0;32mI (412) app_init: Project name:     HTTP-ledcontrol[0m
[0;32mI (417) app_init: App version:      1[0m
[0;32mI (420) app_init: Compile time:     Jul 25 2025 15:57:03[0m
[0;32mI (425) app_init: ELF file SHA256:  ac191eb9c...[0m
[0;32mI (430) app_init: ESP-IDF:          v5.4.1-dirty[0m
[0;32mI (434) efuse_init: Min chip rev:     v0.0[0m
[0;32mI (438) efuse_init: Max chip rev:     v3.99 [0m
[0;32mI (442) efuse_init: Chip rev:         v3.1[0m
[0;32mI (446) heap_init: Initializing. RAM available for dynamic allocation:[0m
[0;32mI (452) heap_init: At 3FFAE6E0 len 00001920 (6 KiB): DRAM[0m
[0;32mI (457) heap_init: At 3FFB81B0 len 00027E50 (159 KiB): DRAM[0m
[0;32mI (462) heap_init: At 3FFE0440 len 00003AE0 (14 KiB): D/IRAM[0m
[0;32mI (468) heap_init: At 3FFE4350 len 0001BCB0 (111 KiB): D/IRAM[0m
[0;32mI (473) heap_init: At 40097918 len 000086E8 (33 KiB): IRAM[0m
[0;32mI (480) spi_flash: detected chip: generic[0m
[0;32mI (482) spi_flash: flash io: dio[0m
[0;33mW (485) spi_flash: Detected size(4096k) larger than the size in the binary image header(2048k). Using the size in the binary image header.[0m
[0;32mI (498) main_task: Started on CPU0[0m
[0;32mI (508) main_task: Calling app_main()[0m
[0;32mI (528) gpio: GPIO[2]| InputEn: 0| OutputEn: 0| OpenDrain: 0| Pullup: 1| Pulldown: 0| Intr:0 [0m
[0;32mI (528) DHT_SENSOR: DHT Sensor Task Started[0m
[0;32mI (548) DHT_SENSOR: Humidity: 59.0%, Temp: 29.0C[0m
[0;32mI (568) wifi:wifi driver task: 3ffc0ac0, prio:23, stack:6656, core=0[0m
[0;32mI (578) wifi:wifi firmware version: 79fa3f41ba[0m
[0;32mI (578) wifi:wifi certification version: v7.0[0m
[0;32mI (578) wifi:config NVS flash: enabled[0m
[0;32mI (578) wifi:config nano formatting: disabled[0m
[0;32mI (588) wifi:Init data frame dynamic rx buffer num: 32[0m
[0;32mI (588) wifi:Init static rx mgmt buffer num: 5[0m
[0;32mI (588) wifi:Init management short buffer num: 32[0m
[0;32mI (598) wifi:Init dynamic tx buffer num: 32[0m
[0;32mI (598) wifi:Init static rx buffer size: 1600[0m
[0;32mI (608) wifi:Init static rx buffer num: 10[0m
[0;32mI (608) wifi:Init dynamic rx buffer num: 32[0m
[0;32mI (618) wifi_init: rx ba win: 6[0m
[0;32mI (618) wifi_init: accept mbox: 6[0m
[0;32mI (618) wifi_init: tcpip mbox: 32[0m
[0;32mI (618) wifi_init: udp mbox: 6[0m
[0;32mI (628) wifi_init: tcp mbox: 6[0m
[0;32mI (628) wifi_init: tcp tx win: 5760[0m
[0;32mI (628) wifi_init: tcp rx win: 5760[0m
[0;32mI (628) wifi_init: tcp mss: 1440[0m
[0;32mI (638) wifi_init: WiFi IRAM OP enabled[0m
[0;32mI (638) wifi_init: WiFi RX IRAM OP enabled[0m
[0;33mW (648) wifi:Password length matches WPA2 standards, authmode threshold changes from OPEN to WPA2[0m
[0;32mI (658) phy_init: phy_version 4860,6b7a6e5,Feb  6 2025,14:47:07[0m
[0;32mI (738) phy_init: Saving new calibration data due to checksum failure or outdated calibration data, mode(0)[0m
[0;32mI (758) wifi:mode : sta (20:43:a8:e5:4d:4c)[0m
[0;32mI (758) wifi:enable tsf[0m
[0;32mI (768) WIFI_MANAGER: WiFi connecting to Tro 1...[0m
[0;32mI (768) WEB_SERVER: Web server started[0m
[0;32mI (768) main_task: Returned from app_main()[0m
[0;32mI (1618) wifi:new:<8,0>, old:<1,0>, ap:<255,255>, sta:<8,0>, prof:1, snd_ch_cfg:0x0[0m
[0;32mI (1618) wifi:state: init -> auth (0xb0)[0m
[0;32mI (1648) wifi:state: auth -> assoc (0x0)[0m
[0;32mI (1668) wifi:state: assoc -> run (0x10)[0m
[0;32mI (4758) wifi:state: run -> init (0xfc0)[0m
[0;32mI (4778) wifi:new:<8,0>, old:<8,0>, ap:<255,255>, sta:<8,0>, prof:1, snd_ch_cfg:0x0[0m
[0;32mI (5568) DHT_SENSOR: Humidity: 60.0%, Temp: 29.0C[0m
[0;32mI (10588) DHT_SENSOR: Humidity: 60.0%, Temp: 29.0C[0m
[0;32mI (15608) DHT_SENSOR: Humidity: 60.0%, Temp: 29.0C[0m
[0;32mI (20628) DHT_SENSOR: Humidity: 59.0%, Temp: 29.0C[0m
[0;32mI (25648) DHT_SENSOR: Humidity: 60.0%, Temp: 29.0C[0m
[0;32mI (30668) DHT_SENSOR: Humidity: 60.0%, Temp: 29.0C[0m
[0;32mI (35688) DHT_SENSOR: Humidity: 60.0%, Temp: 29.0C[0m
[0;32mI (40708) DHT_SENSOR: Humidity: 60.0%, Temp: 29.0C[0m
